// Jest Snapshot v1, https://goo.gl/fbAQLP

exports[`<AddGameScreen /> renders correctly 1`] = `
<RCTScrollView
  contentContainerStyle={
    {
      "alignItems": "center",
      "flex": 1,
      "justifyContent": "center",
    }
  }
>
  <View>
    <View
      style={
        [
          {
            "justifyContent": "center",
          },
          {
            "width": "100%",
          },
          {
            "alignItems": "center",
          },
          {
            "paddingBottom": 64,
            "paddingTop": 64,
          },
        ]
      }
    >
      <View
        accessibilityState={
          {
            "busy": undefined,
            "checked": undefined,
            "disabled": undefined,
            "expanded": undefined,
            "selected": undefined,
          }
        }
        accessibilityValue={
          {
            "max": undefined,
            "min": undefined,
            "now": undefined,
            "text": undefined,
          }
        }
        accessible={true}
        collapsable={false}
        focusable={true}
        onClick={[Function]}
        onResponderGrant={[Function]}
        onResponderMove={[Function]}
        onResponderRelease={[Function]}
        onResponderTerminate={[Function]}
        onResponderTerminationRequest={[Function]}
        onStartShouldSetResponder={[Function]}
        style={
          {
            "borderBottomColor": "#6b7280",
            "borderBottomLeftRadius": 12,
            "borderBottomRightRadius": 12,
            "borderBottomWidth": 1,
            "borderLeftColor": "#6b7280",
            "borderLeftWidth": 1,
            "borderRightColor": "#6b7280",
            "borderRightWidth": 1,
            "borderTopColor": "#6b7280",
            "borderTopLeftRadius": 12,
            "borderTopRightRadius": 12,
            "borderTopWidth": 1,
            "height": 48,
            "justifyContent": "center",
            "opacity": 1,
            "width": "50%",
          }
        }
      >
        <Text
          style={
            [
              {
                "textAlign": "center",
              },
              {
                "fontSize": 20,
                "lineHeight": 28,
              },
            ]
          }
        >
          Brewers
        </Text>
      </View>
    </View>
    <View
      style={
        [
          {
            "justifyContent": "center",
          },
          {
            "alignItems": "center",
          },
          {
            "height": 48,
          },
          {
            "width": "50%",
          },
          {
            "borderBottomWidth": 1,
            "borderLeftWidth": 1,
            "borderRightWidth": 1,
            "borderTopWidth": 1,
          },
          {
            "borderBottomLeftRadius": 12,
            "borderBottomRightRadius": 12,
            "borderTopLeftRadius": 12,
            "borderTopRightRadius": 12,
          },
        ]
      }
    >
      <RNDateTimePicker
        date={1680656139133}
        displayIOS="default"
        enabled={true}
        mode="date"
        onChange={[Function]}
        onPickerDismiss={[Function]}
        onResponderTerminationRequest={[Function]}
        onStartShouldSetResponder={[Function]}
        style={{}}
      />
    </View>
    <View
      style={
        [
          {
            "justifyContent": "center",
          },
          {
            "alignItems": "center",
          },
          {
            "height": 48,
          },
          {
            "width": "50%",
          },
          {
            "borderBottomWidth": 1,
            "borderLeftWidth": 1,
            "borderRightWidth": 1,
            "borderTopWidth": 1,
          },
          {
            "borderBottomLeftRadius": 12,
            "borderBottomRightRadius": 12,
            "borderTopLeftRadius": 12,
            "borderTopRightRadius": 12,
          },
        ]
      }
    >
      <RNDateTimePicker
        date={1680656139133}
        displayIOS="default"
        enabled={true}
        mode="time"
        onChange={[Function]}
        onPickerDismiss={[Function]}
        onResponderTerminationRequest={[Function]}
        onStartShouldSetResponder={[Function]}
        style={{}}
      />
    </View>
    <View
      style={
        [
          {
            "flexDirection": "row",
          },
          {
            "justifyContent": "space-evenly",
          },
          {
            "paddingBottom": 24,
            "paddingLeft": 24,
            "paddingRight": 24,
            "paddingTop": 24,
          },
          {
            "width": "100%",
          },
        ]
      }
    >
      <View
        accessibilityState={
          {
            "busy": undefined,
            "checked": undefined,
            "disabled": undefined,
            "expanded": undefined,
            "selected": undefined,
          }
        }
        accessibilityValue={
          {
            "max": undefined,
            "min": undefined,
            "now": undefined,
            "text": undefined,
          }
        }
        accessible={true}
        collapsable={false}
        focusable={true}
        onClick={[Function]}
        onResponderGrant={[Function]}
        onResponderMove={[Function]}
        onResponderRelease={[Function]}
        onResponderTerminate={[Function]}
        onResponderTerminationRequest={[Function]}
        onStartShouldSetResponder={[Function]}
        style={
          {
            "backgroundColor": "#f3f4f6",
            "borderBottomColor": "#6b7280",
            "borderBottomLeftRadius": 12,
            "borderBottomRightRadius": 12,
            "borderBottomWidth": 1,
            "borderLeftColor": "#6b7280",
            "borderLeftWidth": 1,
            "borderRightColor": "#6b7280",
            "borderRightWidth": 1,
            "borderTopColor": "#6b7280",
            "borderTopLeftRadius": 12,
            "borderTopRightRadius": 12,
            "borderTopWidth": 1,
            "height": 56,
            "justifyContent": "center",
            "opacity": 1,
            "width": "33.333333%",
          }
        }
      >
        <Text
          style={
            [
              {
                "textAlign": "center",
              },
              {
                "fontSize": 20,
                "lineHeight": 28,
              },
            ]
          }
        >
          Home
        </Text>
      </View>
      <View
        accessibilityState={
          {
            "busy": undefined,
            "checked": undefined,
            "disabled": undefined,
            "expanded": undefined,
            "selected": undefined,
          }
        }
        accessibilityValue={
          {
            "max": undefined,
            "min": undefined,
            "now": undefined,
            "text": undefined,
          }
        }
        accessible={true}
        collapsable={false}
        focusable={true}
        onClick={[Function]}
        onResponderGrant={[Function]}
        onResponderMove={[Function]}
        onResponderRelease={[Function]}
        onResponderTerminate={[Function]}
        onResponderTerminationRequest={[Function]}
        onStartShouldSetResponder={[Function]}
        style={
          {
            "backgroundColor": "#f3f4f6",
            "borderBottomColor": "#6b7280",
            "borderBottomLeftRadius": 12,
            "borderBottomRightRadius": 12,
            "borderBottomWidth": 1,
            "borderLeftColor": "#6b7280",
            "borderLeftWidth": 1,
            "borderRightColor": "#6b7280",
            "borderRightWidth": 1,
            "borderTopColor": "#6b7280",
            "borderTopLeftRadius": 12,
            "borderTopRightRadius": 12,
            "borderTopWidth": 1,
            "height": 56,
            "justifyContent": "center",
            "opacity": 1,
            "width": "33.333333%",
          }
        }
      >
        <Text
          style={
            [
              {
                "textAlign": "center",
              },
              {
                "fontSize": 20,
                "lineHeight": 28,
              },
            ]
          }
        >
          Away
        </Text>
      </View>
    </View>
    <View
      accessibilityState={
        {
          "busy": undefined,
          "checked": undefined,
          "disabled": undefined,
          "expanded": undefined,
          "selected": undefined,
        }
      }
      accessibilityValue={
        {
          "max": undefined,
          "min": undefined,
          "now": undefined,
          "text": undefined,
        }
      }
      accessible={true}
      collapsable={false}
      focusable={true}
      onClick={[Function]}
      onResponderGrant={[Function]}
      onResponderMove={[Function]}
      onResponderRelease={[Function]}
      onResponderTerminate={[Function]}
      onResponderTerminationRequest={[Function]}
      onStartShouldSetResponder={[Function]}
      style={
        {
          "backgroundColor": "#3b82f6",
          "borderBottomColor": "#1d4ed8",
          "borderBottomLeftRadius": 12,
          "borderBottomRightRadius": 12,
          "borderBottomWidth": 1,
          "borderLeftColor": "#1d4ed8",
          "borderLeftWidth": 1,
          "borderRightColor": "#1d4ed8",
          "borderRightWidth": 1,
          "borderTopColor": "#1d4ed8",
          "borderTopLeftRadius": 12,
          "borderTopRightRadius": 12,
          "borderTopWidth": 1,
          "height": 56,
          "justifyContent": "center",
          "opacity": 1,
          "width": "33.333333%",
        }
      }
    >
      <Text
        style={
          [
            {
              "textAlign": "center",
            },
            {
              "fontSize": 20,
              "lineHeight": 28,
            },
            {
              "color": "#fff",
            },
          ]
        }
      >
        Add Game
      </Text>
    </View>
  </View>
</RCTScrollView>
`;
