// Jest Snapshot v1, https://goo.gl/fbAQLP

exports[`<StatsScreen /> renders correctly 1`] = `
<View
  style={
    [
      {
        "flexBasis": "0%",
        "flexGrow": 1,
        "flexShrink": 1,
      },
      {
        "justifyContent": "center",
      },
      {
        "alignItems": "center",
      },
    ]
  }
>
  <Text
    style={
      [
        {
          "fontSize": 30,
          "lineHeight": 36,
        },
        {
          "fontWeight": "700",
        },
      ]
    }
  >
    Hello, 
  </Text>
  <View
    accessibilityState={
      {
        "busy": undefined,
        "checked": undefined,
        "disabled": undefined,
        "expanded": undefined,
        "selected": undefined,
      }
    }
    accessibilityValue={
      {
        "max": undefined,
        "min": undefined,
        "now": undefined,
        "text": undefined,
      }
    }
    accessible={true}
    collapsable={false}
    focusable={true}
    onClick={[Function]}
    onResponderGrant={[Function]}
    onResponderMove={[Function]}
    onResponderRelease={[Function]}
    onResponderTerminate={[Function]}
    onResponderTerminationRequest={[Function]}
    onStartShouldSetResponder={[Function]}
    style={
      {
        "backgroundColor": "#3b82f6",
        "borderBottomLeftRadius": 8,
        "borderBottomRightRadius": 8,
        "borderTopLeftRadius": 8,
        "borderTopRightRadius": 8,
        "marginTop": 40,
        "opacity": 1,
        "paddingBottom": 16,
        "paddingLeft": 16,
        "paddingRight": 16,
        "paddingTop": 16,
      }
    }
  >
    <Text
      style={
        [
          {
            "color": "#fff",
          },
          {
            "fontSize": 24,
            "lineHeight": 32,
          },
        ]
      }
    >
      Signout
    </Text>
  </View>
</View>
`;
